0000edf0 t .divsi3_skip_div0_test
0001aef4 D CNT
0000dd9c T RGB888toRGB565
00017f08 d _DYNAMIC
00018000 d _GLOBAL_OFFSET_TABLE_
0000f0ac R _IO_stdin_used
         w _Jv_RegisterClasses
0000f7a8 r __FRAME_END__
00017f04 d __JCR_END__
00017f04 d __JCR_LIST__
0000f358 r __PRETTY_FUNCTION__.3422
0000f34c r __PRETTY_FUNCTION__.3447
0000f344 r __PRETTY_FUNCTION__.3454
0000f218 r __PRETTY_FUNCTION__.5103
0000ede8 T __aeabi_idiv
0000f028 W __aeabi_idiv0
0000f008 T __aeabi_idivmod
0000f028 W __aeabi_ldiv0
         U __assert_fail@@GLIBC_2.4
0001b08c A __bss_end__
0001aefc A __bss_start
0001aefc A __bss_start__
000180d8 D __data_start
0000ede8 T __divsi3
00008f38 t __do_global_dtors_aux
00017f00 t __do_global_dtors_aux_fini_array_entry
000180dc D __dso_handle
0001b08c A __end__
0000f7a8 A __exidx_end
0000f7a0 A __exidx_start
00017efc t __frame_dummy_init_array_entry
0000f644 r __func__.5401
0000f63c r __func__.5407
         w __gmon_start__
00017f00 t __init_array_end
00017efc t __init_array_start
0000f0a0 T __libc_csu_fini
0000f038 T __libc_csu_init
         U __libc_start_main@@GLIBC_2.4
0000ad9c T __list_add
0001b08c A _bss_end__
0001aefc A _edata
0001b08c A _end
0000f0a4 T _fini
00008c5c T _init
         U _setjmp@@GLIBC_2.4
00008ed8 T _start
         U abort@@GLIBC_2.4
0000ad4c T add_icon_list
00018330 D background
0000e678 T beep_start
0000e6d8 T beep_stop
0000dc54 T bitblt
0000ed44 T bjdj_fan
0000ec64 T bjdj_stat
0000eca0 T bjdj_zheng
0000bcf8 T bmp_getsize
0000bb00 T bmp_load
0001b07c B buffer
00008f14 t call_gmon_start
         U calloc@@GLIBC_2.4
0000da80 T camera
0001891c D camera_icon
00009658 T camera_lcd
         U chdir@@GLIBC_2.4
0000bdf4 T check_area
         U close@@GLIBC_2.4
0000e598 T close_red
0000ac60 T close_win_n
000180e0 D color
0001af04 b completed.5796
000180d8 W data_start
0000aa74 T display_fb_n
0000a830 T display_number
0000a0c4 T display_stat
0000c418 T display_stat_
0000cb1c T display_watch
0000b094 t do_resize
0001af64 B epfd
0000c224 T epoll_add
         U epoll_create@@GLIBC_2.4
         U epoll_ctl@@GLIBC_2.4
0000bf10 T epoll_read
         U epoll_wait@@GLIBC_2.4
0001af70 B events
         U exit@@GLIBC_2.4
0000e110 T fan_close
0000e078 T fan_open
0000e03c T fan_stat
00018108 D fb1_icon
0000df10 T fb_mmap
0000df80 T fb_munmap
0000dfb0 T fb_pixel
0000de30 T fb_stat
0001b074 B fbdev
0001b070 B fbmem
         U fclose@@GLIBC_2.4
0001af48 B fd
0001b088 B flag_bjdj
0001b080 B flag_fan
0001b084 B flag_irr
0001af44 b flag_red
0001af5c B flag_stat
         U fopen@@GLIBC_2.4
         U fork@@GLIBC_2.4
         U fprintf@@GLIBC_2.4
00008f54 t frame_dummy
         U free@@GLIBC_2.4
0000d0c0 T fun_camera
         U fwrite@@GLIBC_2.4
0000e4b4 T get_led_value
000185e0 D guangai_icon
00008f84 T guangai_lcd
0000e980 T humidity
0000c29c T init_ts
0000a5b8 T init_win_0
0000a680 T init_win_n
         U ioctl@@GLIBC_2.4
0000e26c T irr_close
0000e1d0 T irr_open
0000e1ac T irr_stat
0000ba78 T is_bmp
0000b634 T is_jpeg
000198c8 D jiance_32x33
         U jpeg_CreateDecompress@@LIBJPEG_8.0
0000b6f8 T jpeg_cb_error_exit
         U jpeg_destroy_decompress@@LIBJPEG_8.0
         U jpeg_finish_decompress@@LIBJPEG_8.0
0000b930 T jpeg_getsize
0000b73c T jpeg_load
         U jpeg_mem_src@@LIBJPEG_8.0
         U jpeg_read_header@@LIBJPEG_8.0
         U jpeg_read_scanlines@@LIBJPEG_8.0
         U jpeg_start_decompress@@LIBJPEG_8.0
         U jpeg_std_error@@LIBJPEG_8.0
         U jpeg_stdio_src@@LIBJPEG_8.0
00018808 D juanlian_icon
0000942c T juanlian_lcd
000184c8 D kaiji
0000e424 T led_add
0000e308 t led_close
00018978 D led_icon
000098b0 T led_lcd
0000e338 t led_open
0000e370 T led_set
0000e46c T led_sub
0000adf0 T list_add_tail
00009d3c T load_image
         U longjmp@@GLIBC_2.4
         U lseek@@GLIBC_2.4
0000a23c T main
         U malloc@@GLIBC_2.4
         U memcpy@@GLIBC_2.4
         U memset@@GLIBC_2.4
0000b604 T mk_image_rg888
0000ae24 T mkimage
         U mmap@@GLIBC_2.4
         U munmap@@GLIBC_2.4
000195f0 D number_16x33
00018c50 D number_32x56
00018ba0 D number_8x16
         U open@@GLIBC_2.4
0000e56c T open_red
0001aa50 D openclose_32x33
0001aef8 D path
         U perror@@GLIBC_2.4
0000b21c t picture_resize
0001af68 B pos_flag
0001af08 B position
0001af40 B prgb_buf
         U printf@@GLIBC_2.4
         U pthread_cancel@@GLIBC_2.4
         U pthread_create@@GLIBC_2.4
         U pthread_detach@@GLIBC_2.4
         U pthread_exit@@GLIBC_2.4
0000c0bc T putaway
         U puts@@GLIBC_2.4
0001af18 B pwin
0000e878 T rain
0001ace4 D rain_32x33
         U raise@@GLIBC_2.4
         U read@@GLIBC_2.4
0000c0f4 T read_ts
0000a110 T red_houtai
00018a8c D red_icon
00009ae8 T red_lcd
0000e548 T red_stat
000185d8 D scr1
0001b078 B screensize
00000000 a shift
0000b350 T show_image
         U sleep@@GLIBC_2.4
0000e738 T smog
         U snprintf@@GLIBC_2.4
         U sprintf@@GLIBC_2.4
0001af00 B stderr@@GLIBC_2.4
         U system@@GLIBC_2.4
000186f4 D tongfeng_icon
000091d8 T tongfeng_lcd
         U wait@@GLIBC_2.4
0000e5c4 T wangred
0001af2c b win_status
0001af6c B x_pos
0001af60 B y_pos
0000eac8 T zhaotemp
